npm	Run npm test	﻿2026-09-15T17:59:18.0924217Z ##[group]Run npm test
npm	Run npm test	2026-09-15T17:59:18.0924512Z ^[[36;1mnpm test^[[0m
npm	Run npm test	2026-09-15T17:59:18.0925067Z shell: sh -e {0}
npm	Run npm test	2026-09-15T17:59:18.0925269Z env:
npm	Run npm test	2026-09-15T17:59:18.0925479Z   NPM_CONFIG_USERCONFIG: /__w/_temp/.npmrc
npm	Run npm test	2026-09-15T17:59:18.0925748Z ##[endgroup]
npm	Run npm test	2026-09-15T17:59:18.2497732Z 
npm	Run npm test	2026-09-15T17:59:18.2498290Z > @openpresentation/opf-pptx@0.8.0 test
npm	Run npm test	2026-09-15T17:59:18.2500371Z > npm run build && node test/plain-whitespace.mjs && node test/accepted-text.mjs && node test/heading-provenance.mjs && node test/chart-colors.mjs && node test/content-cards.mjs && node test/chart-workbook.mjs && node test/dependency-boundary.mjs && npm run build:browser-check && npm run test:styled-table && node test/content-layout.mjs && node test/shared-quote.mjs && npm run test:timeline
npm	Run npm test	2026-09-15T17:59:18.2501823Z 
npm	Run npm test	2026-09-15T17:59:18.3523738Z 
npm	Run npm test	2026-09-15T17:59:18.3524223Z > @openpresentation/opf-pptx@0.8.0 build
npm	Run npm test	2026-09-15T17:59:18.3525080Z > node scripts/build.mjs
npm	Run npm test	2026-09-15T17:59:18.3525299Z 
npm	Run npm test	2026-09-15T17:59:18.3901432Z Vendored upstream distribution and license match recorded hashes.
npm	Run npm test	2026-09-15T17:59:19.6622552Z 20 wide/portrait measured/estimated source exports preserve whitespace, tab-stop XML and exact reimport; native edits, clearing, reordering and seven damaged-group fallbacks pass.
npm	Run npm test	2026-09-15T17:59:20.8352226Z Accepted text PPTX: 24 cases / 144 editable lines retain shared anchors, sizes, styles, no-refit and words through import. Native raster and original OPF structure are separate gates.
npm	Run npm test	2026-09-15T17:59:21.7129988Z Heading provenance: native edits, shape renaming/reordering and 8 damaged/ambiguous group fallbacks preserve visible words.
npm	Run npm test	2026-09-15T17:59:22.1361604Z Heading role isolation: 16 wide/portrait quote imports, explicit native placeholders and ordinary untagged title/subtitle inference pass.
npm	Run npm test	2026-09-15T17:59:23.5427313Z Native chart colors passed: 40 charts, explicit chart panel, single alpha fill, axis/legend colors and exact data reimport.
npm	Run npm test	2026-09-15T17:59:24.4461515Z Content cards: 8 wide/portrait/on/off/alpha exports preserve source, shared frame and body bounds, radius and native metric fields; slide false overrides deck true. Native raster fidelity and frame reimport are not established.
npm	Run npm test	2026-09-15T17:59:25.3427574Z Chart workbook checks passed: 37 bounded heading/preservation cases, Unicode/whitespace, rich shared strings, unsupported/external/corrupt metadata and deterministic actual export/reimport.
npm	Run npm test	2026-09-15T17:59:27.5313388Z "RED" is not a valid scheme color or hex RGB! "000000" used instead. Only provide 6-digit RGB or 'pptx.SchemeColor' values!
npm	Run npm test	2026-09-15T17:59:27.5384157Z ""/><EVIL/>" is not a valid scheme color or hex RGB! "000000" used instead. Only provide 6-digit RGB or 'pptx.SchemeColor' values!
npm	Run npm test	2026-09-15T17:59:27.6333366Z Backgrounds passed: 38 gradient/solid cases, 990 independently compared SVG/native samples, alpha, overrides, round-trips, native edits, empty/single/descending stops and unsupported-import diagnostics.
npm	Run npm test	2026-09-15T17:59:28.7662284Z Native background inheritance passed: 70 layout/master/theme/map/reference/diagnostic cases and theme-slot opacity.
npm	Run npm test	2026-09-15T17:59:30.0115851Z Native Keynote backgrounds passed: 18 PNG comparisons from 12 exported native images, native PPTX import, blank-slide preservation; observed max channel 8, alpha 1, opaque mean 0.37809606481481484.
npm	Run npm test	2026-09-15T17:59:30.6138446Z Table layout passed: 168 cells, 0 shrink cases, 24 content-sized rows, Roboto/Calibri substitution, two canvas sizes, header/no-header tables, alignment, native rows and source text preservation.
npm	Run npm test	2026-09-15T17:59:30.6291311Z Variable table rows passed: unchanged short rows, five-line rich cell containment, identical SVG/native row heights and native table extent.
npm	Run npm test	2026-09-15T17:59:30.8499050Z Table import passed: headers, headerless data, blank rows/headers, repeated round-trips, native edits and XML boolean forms.
npm	Run npm test	2026-09-15T17:59:30.8826122Z Rich tables passed: canonical headers/cells, SVG traces/styles/links, native editable runs/fonts/styles/point sizes/scripts/hyperlinks, scalar preservation and immutable input.
npm	Run npm test	2026-09-15T17:59:31.0093380Z Native rich table import passed: styles, alpha, theme fonts/colors, defaults/resets, links, XML child order, fields, whitespace/blank lines, repeated conversion and path-specific diagnostics.
npm	Run npm test	2026-09-15T17:59:31.4398682Z Native conditional table text styles passed: archive/inline definitions, DrawingML precedence, edge/corner overlaps, band parity, fonts/colors/alpha, direct overrides, repeated conversion, and diagnostics.
npm	Run npm test	2026-09-15T17:59:31.4908188Z Conditional cell fills passed: band/edge/corner precedence, ordered theme references, placeholder alpha and direct overrides.
npm	Run npm test	2026-09-15T17:59:31.7619765Z Native conditional table borders passed: outer frame/interior grid, bands/edges/corners, partial/direct overrides, theme lines/alpha, missing-reference masking, repeated conversion and diagnostics.
npm	Run npm test	2026-09-15T17:59:32.0743184Z Object IDs passed: eight slides mixing tables, text, pictures, charts and lists, deterministic bytes and native import.
npm	Run npm test	2026-09-15T17:59:32.4673991Z Image fitting passed: 45 SVG/native geometry cases, 9 raster fixtures, fit/crop, slide overrides, byte/alt preservation, host resolution and malformed headers.
npm	Run npm test	2026-09-15T17:59:32.6069558Z Image orientation passed: all 8 EXIF orientations in fit/crop, native corner transforms, normalized metadata, unchanged pixels and bounded EXIF offsets.
npm	Run npm test	2026-09-15T17:59:33.3266987Z Picture import passed: 42 orientation/native-edit/EXIF cases, exact source JPEG round-trips, independent pixel permutations, metadata preservation and crop/transform diagnostics.
npm	Run npm test	2026-09-15T17:59:33.7218660Z Image media types passed: 32 byte/object/data-URI/local/host-path cases, native extensions/content types, byte preservation and imported MIME.
npm	Run npm test	2026-09-15T17:59:34.3983432Z WebP fallback passed: 36 fit/crop and input-form cases, Pillow pixel references, alpha, EXIF, first animation frame, deterministic output, errors and unchanged source bytes.
npm	Run npm test	2026-09-15T17:59:34.9374088Z Native decoder boundary passed: ordinary/preserved images work without Sharp; unavailable WebP conversion fails with its OPF path.
npm	Run npm test	2026-09-15T17:59:48.5494125Z Corpus structure passed: 126 decks, 805 slides, 26 explicitly substituted images; fallback fonts, valid slide XML, unique IDs, finite geometry, table grids and imported slide counts.
npm	Run npm test	2026-09-15T17:59:48.5675869Z PPTX dependency boundary passed: model suite and data/local/resolved images work without image-size.
npm	Run npm test	2026-09-15T17:59:48.7130559Z 
npm	Run npm test	2026-09-15T17:59:48.7133315Z > @openpresentation/opf-pptx@0.8.0 build:browser-check
npm	Run npm test	2026-09-15T17:59:48.7134055Z > node scripts/build-browser-check.mjs
npm	Run npm test	2026-09-15T17:59:48.7134395Z 
npm	Run npm test	2026-09-15T17:59:48.8500986Z Browser build passed: browser decoder selected, no Sharp/native inputs. Serve the repository and open /artifacts/webp-fallback/browser/index.html for pixel checks.
npm	Run npm test	2026-09-15T17:59:48.9317074Z Native rich table import browser bundle ready at /artifacts/native-rich-table-import/browser/index.html.
npm	Run npm test	2026-09-15T17:59:49.0230267Z Native conditional table style browser bundle ready at /artifacts/native-table-styles/browser/index.html.
npm	Run npm test	2026-09-15T17:59:49.1144223Z Native styled table browser bundle ready at /artifacts/native-styled-table-import/browser/index.html.
npm	Run npm test	2026-09-15T17:59:49.1926785Z Native content browser bundle ready at /artifacts/native-content-layout/browser/index.html.
npm	Run npm test	2026-09-15T17:59:49.2745184Z Chart color/workbook browser bundle ready at /artifacts/chart-colors/browser/index.html.
npm	Run npm test	2026-09-15T17:59:49.3817064Z 
npm	Run npm test	2026-09-15T17:59:49.3817855Z > @openpresentation/opf-pptx@0.8.0 test:styled-table
npm	Run npm test	2026-09-15T17:59:49.3818777Z > node test/styled-table.mjs && node test/styled-table-import.mjs
npm	Run npm test	2026-09-15T17:59:49.3819234Z 
npm	Run npm test	2026-09-15T17:59:49.9608026Z Styled native table export passed: merged grid, unique text, full covered rows, colors/alpha, border dashes, zero/fractional padding, alignment, scaled row geometry and determinism.
npm	Run npm test	2026-09-15T17:59:49.9778347Z Native merge perimeter regression passed: continuation and neighbor edges, transparent dashes, dotted top, hidden bottom and scaling.
npm	Run npm test	2026-09-15T17:59:50.6378532Z Styled native table import passed: direct fills/alpha, borders, margins, alignment, dense merges, repeated conversion, header crossing and text-preserving malformed-merge diagnostics.
npm	Run npm test	2026-09-15T17:59:54.0964263Z Native content layout passed: 36 payload text lines match actual renderer typography/geometry; 8 long quotes preserve footer separation and 2 oversized quotes reject in strict mode; code styling, quote source and editable timeline markers across two canvas sizes.
npm	Run npm test	2026-09-15T17:59:54.8726994Z Shared quote PPTX: 4 wide/portrait decks and 6 native lines match accepted geometry/styles without re-fitting; reimport and strict/unusable-space rejection pass.
npm	Run npm test	2026-09-15T17:59:54.9865958Z 
npm	Run npm test	2026-09-15T17:59:54.9866636Z > @openpresentation/opf-pptx@0.8.0 test:timeline
npm	Run npm test	2026-09-15T17:59:54.9867233Z > node test/shared-timeline.mjs
npm	Run npm test	2026-09-15T17:59:54.9867443Z 
npm	Run npm test	2026-09-15T17:59:55.0821434Z node:internal/modules/esm/resolve:272
npm	Run npm test	2026-09-15T17:59:55.0821939Z     throw new ERR_MODULE_NOT_FOUND(
npm	Run npm test	2026-09-15T17:59:55.0822230Z           ^
npm	Run npm test	2026-09-15T17:59:55.0822351Z 
npm	Run npm test	2026-09-15T17:59:55.0823108Z Error [ERR_MODULE_NOT_FOUND]: Cannot find module '/__w/opf-pptx/opf-render/dist/fonts-node.js' imported from /__w/opf-pptx/opf-pptx/test/shared-timeline.mjs
npm	Run npm test	2026-09-15T17:59:55.0823995Z     at finalizeResolution (node:internal/modules/esm/resolve:272:11)
npm	Run npm test	2026-09-15T17:59:55.0824509Z     at moduleResolve (node:internal/modules/esm/resolve:879:10)
npm	Run npm test	2026-09-15T17:59:55.0825361Z     at defaultResolve (node:internal/modules/esm/resolve:1006:11)
npm	Run npm test	2026-09-15T17:59:55.0826018Z     at #cachedDefaultResolve (node:internal/modules/esm/loader:705:20)
npm	Run npm test	2026-09-15T17:59:55.0827014Z     at #resolveAndMaybeBlockOnLoaderThread (node:internal/modules/esm/loader:725:38)
npm	Run npm test	2026-09-15T17:59:55.0828019Z     at ModuleLoader.resolveSync (node:internal/modules/esm/loader:763:56)
npm	Run npm test	2026-09-15T17:59:55.0828802Z     at #resolve (node:internal/modules/esm/loader:687:17)
npm	Run npm test	2026-09-15T17:59:55.0829680Z     at ModuleLoader.getOrCreateModuleJob (node:internal/modules/esm/loader:607:35)
npm	Run npm test	2026-09-15T17:59:55.0831029Z     at ModuleJob.syncLink (node:internal/modules/esm/module_job:276:33)
npm	Run npm test	2026-09-15T17:59:55.0831867Z     at ModuleJob.link (node:internal/modules/esm/module_job:381:17) {
npm	Run npm test	2026-09-15T17:59:55.0832528Z   code: 'ERR_MODULE_NOT_FOUND',
npm	Run npm test	2026-09-15T17:59:55.0833099Z   url: 'file:///__w/opf-pptx/opf-render/dist/fonts-node.js'
npm	Run npm test	2026-09-15T17:59:55.0833614Z }
npm	Run npm test	2026-09-15T17:59:55.0833781Z 
npm	Run npm test	2026-09-15T17:59:55.0833920Z Node.js v24.20.0
npm	Run npm test	2026-09-15T17:59:55.1044229Z ##[error]Process completed with exit code 1.
